This is pdfTeX, Version 3.141592653-2.6-1.40.22 (TeX Live 2022/dev/Debian) (preloaded format=latex 2026.2.24)  15 APR 2026 09:09
entering extended mode
 restricted \write18 enabled.
 %&-line parsing enabled.
**acmart.ins
(./acmart.ins
LaTeX2e <2021-11-15> patch level 1
L3 programming layer <2022-01-21>
(/usr/share/texlive/texmf-dist/tex/latex/base/docstrip.tex
\blockLevel=\count185
\emptyLines=\count186
\processedLines=\count187
\commentsRemoved=\count188
\commentsPassed=\count189
\codeLinesPassed=\count190
\TotalprocessedLines=\count191
\TotalcommentsRemoved=\count192
\TotalcommentsPassed=\count193
\TotalcodeLinesPassed=\count194
\NumberOfFiles=\count195
\inFile=\read2
\inputcheck=\read3
\off@0=\count196
\off@1=\count197
\off@2=\count198
\off@3=\count199
\off@4=\count266
\off@5=\count267
\off@6=\count268
\off@7=\count269
\off@8=\count270
\off@9=\count271
\off@10=\count272
\off@11=\count273
\off@12=\count274
\off@13=\count275
\off@14=\count276
\off@15=\count277
\@maxfiles=\count278
\@maxoutfiles=\count279

Utility: `docstrip' v2.6a <2020-11-23>
English documentation    <2020-11-23>

**********************************************************
* This program converts documented macro-files into fast *
* loadable files by stripping off (nearly) all comments! *
**********************************************************

********************************************************
* No Configuration file found, using default settings. *
********************************************************

(./acmart.ins

Generating file(s) ./acmart.cls ./acmart-tagged.cls 
\openout0 = `./acmart.cls'.

\openout1 = `./acmart-tagged.cls'.


Processing file acmart.dtx (class) -> acmart.cls
                           (class,tagged) -> acmart-tagged.cls
% % % % % % % % % % % % % % % % % % % % % % % % % % % % % % % % % % % % % % %
% % % % % % % % % % % % % % % % % % % % % % % % % % % % % % % % % % % % % % %
% % % % % % % % % % % % % % % % % % % % % % % % % % % % % % % % % % % % % % %
% % % % % % % % % % % % % % % % % % % % % % % % % % % % % % % % % % % % % % %
% % % % % % % % % % % % % % % % % % % % % % % % % % % % % % % % % % % % % % %
% % % % % % % % % % % % % % % % % % % % % % % % % % % % % % % % % % % % % % %
% % % % % % % % % % % % % % % % % % % % % % % % % % % % % % % % % % % % % % %
% % % % % % % % % % % % % % % % % % % % % % % % % % % % % % % % % % % % % % %
% % % % % % % % % % % % % % % % % % % % % % % % % % % % % % % % % % % % % % %
% % % % % % % % % % % % % % % % % % % % % % % % % % % % % % % % % % % % % % %
% % % % % % % % % % % % % % % % % % % % % % % % % % % % % % % % % % % % % % %
% % % % % % % % % % % % % % % % % % % % % % % % % % % % % % % % % % % % % % %
% % % % % % % % % % % % % % % % % % % % % % % % % % % % % % % % % % % % % % %
% % % % % % % % % % % % % % % % % % % % % % % % % % % % % % % % % % % % % % %
% % % % % % % % % % % % % % % % % % % % % % % % % % % % % % % % % % % % % % %
% % % % % % % % % % % % % % % % % % % % % % % % % % % % % % % % % % % % % % %
% % % % % % % % % % % % % % % % % % % % % % % % % % % % % % % % % % % % % % %
% % % % % % % % % % % % % % % % % % % % % % % % % % % % % % % % % % % % % % %
% % % % % % % % % % % % % % % % % % % % % % % % % % % % % % % % % % % % % % %
% % % % % % % % % % % % % % % % % % % % % % % % % % % % % % % % % % % % % % %
% % % % % % % % % % % % % % % % % % % % % % % % % % % % % % % % % % % % % % %
% % % % % % % % % % % % % % % % % % % % % % % % % % % % % % % % % % % % % % %
% % % % % % % % % % % % % % % % % % % % % % % % % % % % % % % % % % % % % % %
% % % % % % % % % % % % % % % % % % % % % % % % % % % % % % % % % % % % % % %
% % % % % % % % % % % % % % % % % % % % % % % % % % % % % % % % % % % % % % %
% % % % % % % % % % % % % % % % % % % % % % % % % % % % % % % % % % % % % % %
% % % % % % % % % % % % % % % % % % % % % % % % % % % % % % % % % % % % % % %
% % % % % % % % % % % % % % % % % % % % % % % % % % % % % % % % % % % % % % %
% % % % % % % % % % % % % % % % % % % % % % % % % % % % % % % % % % % % % % %
% % % % % % % % % % % % % % % % % % % % % % % % % % % % % % % % % % % % % % %
% % % % % % % % % % % % % % % % % % % % % % % % % % % % % % % % % % % % % % %
% % % % % % % % % % % % % % % % % % % % % % % % % % % % % % % % % % % % % % %
% % % % % % % % % % % % % % % % % % % % % % % % % % % % % % % % % % % % % % %
% % % % % % % % % % % % % % % % % % % % % % % % % % % % % % % % % % % % % % %
% % % % % % % % % % % % % % % % % % % % % % % % % % % % % % % % % % % % % % %
% % % % % % % % % % % % % % % % % % % % % % % % % % % % % % % % % % % % % % %
% % % % % % % % % % % % % % % % % % % % % % % % % % % % % % % % % % % % % % %
% % % % % % % % % % % % % % % % % % % % % % % % % % % % % % % % % % % % % % %
% % % % % % % % % % % % % % % % % % % % % % % % % % % % % % % % % % % % % % %
% % % % % % % % % % % % % % % % % % % % % % % % % % % % % % % % % % % % % % %
% % % % % % % % % % % % % % % % % % % % % % % % % % % % % % % % % % % % % % %
% % % % % % % % % % % % % % % % % % % % % % % % % % % % % % % % % % % % % % %
% % % % % % % % % % % % % % % % % % % % % % % % % . % % % % % % % % % % % % %
% % % % % % % % % % % % % % % % % % % % % % % % % % % % % % % % % % % % % % %
% % % % % % % % % % % % % % % % % % % % % % % % % % % % % % % % % % % % % % %
% % % % % % % % % % % % % % % % % % % % % % % % % % % % % % % % % % % % % % %
% % % % % % % % % % % % % % % % % % % % % % % % % % % % % % % % % % % % % % %
% % % % % % % % % % % % % % % % % % % % % % % % % % % % % % % % % % % % % % %
% % % % % % % % % % % % % % % % % % % % % % % % % % % % % . % % % % % % % % %
% % % % % % % % % % % % % % % % % % % % % % % % % % % % % % % % % % % % % % %
% % % % % % % % % % % % % % % % % % % % % % % % % % % % % % % % % % % % % % %
% % % % % % % % % % % % % % % % % % % % % % % % % % % % % % % % % % % % % % %
% % % % % % % % % % % % % % % % % % % % % % % % % % % % % % % % % % % % % % %
% % % % % % % % % % % % % % % % % % % % % % % % % % % % % % % % % % % % % % %
% % % % % % % % % % % % % % % % % % % % % % % % % % % % % % % % % % % % % % %
% % % % % % % % % % % % % % % % % % % % % % % % % % % % % % % % % % % % % % %
% % % % % % % % % % % % % % % % % % % % % % % % % % % % % % % % % % % % % % %
% % % % % % % % % % % % % % % % % % % % % % % % % % % % % % % % % % % % % % %
% % % % % % % % % % % % % % % % % % % % % % % % % % % % % % % % % % % % % % %
% % % % % % % % % % % % % % % % % % % % % % % % % % % % % % % % % % <class . >
<*gobble . > <class&!tagged . > <tagged . > . % % % % % % % % % % % % % % % %
% % % % % % % % % % % % % % % % % % % % % % % % % % % % % % % % % % % % % % %
% % % % % % % % % % % % % % % % % % % % % % % % % % % % % % % % % % % % % % %
% % % % % % % % % % % % % % % % % % % % % % % % % <*gobble . . . . . . . . . .
. . . . > <*class <!tagged . > <tagged . > % % % % % % % % % . . . . % % % % %
% % . % % % % . % % % % . % % % % % % % % % . . . . . . . . . . . . . . . . .
. . % % % % % % % . . . . . . . . % % % % % % % . . . . . . . . % % % % % % %
% . . . . . . . . % % % % % % % % % . . . . . . . . . % % % % % % % % . . . .
. . . . % % % % % % % % % . . . . . . . . . . . . % % % % % % % % . . . . % %
% % % % % % % . . . . % % % % % % % % % % % % % % . . . . . . . . % % % % % %
% % . . . . . . . . % % % % % % % % % . . . . . . . . % % % % % % % % % % . .
. . . . . . . . % % % % % % % % % . . . . . . % % % % % % % % % % . . . . . %
% % % % % % % % . . . . % % % % % % % % % % . % % % % % % % . % % % % % % % %
% % % . % % % % % % % % % . % % % % % % % % % . % % % % % % % % . . % % % % %
% % % . . % % % % % % % % . . . . . . . . . . . . . . . . . . . . . . . . . .
. . . . . . . . . . . . . . . . . . . . . . . . . . . . . . . . . . . . . . .
. % % % % % % % % % % % <*tagged % % % % % % % % . % % % % % % . % % % % % % .
% % % % % % . % % % > % % % % . . . . . . . . . . . . . . . . . . . . . . . .
. . . . . % % % % % . % % % % . % % % % % % . . % % % % % . % % % % . . . . %
% % % % % % % % % % % % . . . . % % % % % % % . . % % % % % % % % % % % % . .
. . . . . . . . . . . . . . . . . . . . . . . . . . . . . . . . . . . . . . .
. . . . . . . . . . . . . . . . . . . . . . . . . . . . . . . . . . . . . . .
% % % % % % % % % . . . . . . % % % % % % % % % % . . . . . % % % % % % % . .
. % % % % % % % % % % . . . . . . . . . . . . . . . . . . . . . . . . . . . .
. . . . . . . . . . . . . . . . . . . % % % % % % . . . . . . . . . . . . . %
% % % % % . % % % % % % % . . % % % % % % % . % % % % % % % . . % % % % % % %
. % % % % % % % . . % % % % % % % % . % % % % % % % % . . % % % % % % % % . .
. . . % % % % % % % % % % % % % % % % % > <*tagged . . . . > <*class&!tagged .
. . . . . . . . . . . . . . . . . . . . . . . . . . . . . . . . . . . . . . .
. . . . . . . . . . . . . . . . . . . . . . . . . . . . . . . . . . . . . . .
. . . . . . . . . . . . > <*class . % % % % % % % % % % . . . . . <tagged . >
. <tagged . > . . . . . . . % % % % % % % % . % % % % % % % . % % % % % % % %
. % % % % % % % % % . % % % % % % % . . . . . . . . . . . . % % % % % % % % .
. . . . . . . . . . . % % % % % % % % % . % % % % % % % % % % % % % % % % % %
% % % % % % % % % % . . . . . . . . . . . . . . . . . . . . . . . . . . . . .
. . . . . . . . . . . . . % % % % % % % % % . . . . . . . . . . . . . . . . .
. % % % % % % % % % . . . . . . . % % % % % % % % % % % % % . . % % % % . . .
. . . . . % % % % % . . . . . . . . . . . . . . . . . . . % % % % % % % % % %
% % % % . . . . . . . . . . . . . . . . . . . . . . . . . . . . . . . . . . .
. . . . . . . . . . . . . . . . . . . . . . . . . . . . . . . . . . . . . . .
. . . . % % % % % % % % . . . . . . . . . . . . . . . . % % % % % % % % % % %
% % % . % % % % % % % % % % % % % % % % % . . % % % % . . . . . % % % % % % %
. . % % % % % % % . . . . . . . . . . . . % % % % % % % % % % . . % % % % % %
% . . . . . . . . . . . . . . . . . . . . % % % % % % % % % % % % % % % . . .
. . . . . . . . . % % % % % % % . . . . . . . . . . . % % % % % % % % % % % %
% % % % % % % % % . . . . . . . . . . . . . . . . . . . . . . . . % % % % % %
% . . . % % % % % % % . . . % % % % % % % % % % % . . % % % % % % % . . % % %
% % % % . % % % % % % . . . . . . . . . . . . . . . . . . % % % % % % % % % %
% . . . . . . . . . . . . . . . . . . . . . . . . . . . . . . . . . . . . . %
% % % % % % % % % . . . . . . . . . . . . . . . . . . . . . . . . . . . . . .
. . . . % % % % % . . . % % % % % % % % . . . % % % % % % % . % % % % % % % %
% % . . . . . . . . . . % % % % % % % . % % % % % % % % % . . . % % % % % % %
% % % . . % % % % % % % % % % . . . . . . . % % % % % % % . . . . % % % % % %
% % . . . . . . . . . . % % % % % % % % % . . . . . . . . . . . . . . . . . %
% % % % % % % % % % % . . . . . . . . . . . . . . . . . . . . . . . . . . . .
. . . . . . . . . . . . % % % % % % % % . % % % % % % % % % % % . . . . . . .
% % % % % % % % % % % % % . . % % % % % % % % % % % % % % % % % % % % % % % %
% % % % % % % % % . . . . . . . . . . . . . . . . . . . . . . . . . . . . . .
. . . . . . . . . . . . . . . . . . . . . . . . . . . . . . . . . . . . . . .
. . . . . . . . . . . . . . . . . . . . . . . . . . . . . . . . . . . . . . .
. . . . . . . . . . . . . . . . . . . . . . . . . . . . . . . . . . . . . . .
. . . . . . . . . . . . . . . . . . . . . . . . . . . . . . . . . . . . . . .
. . . . . . . . . . . . . . . . . . . . . . . . . . . . . . . . . . . . . . .
. . . . . . . . . . . . . . . . . . . . . . . . . . . . . . . . . . . . . . .
. . . . . . . . . . . . . . . . . . . . . . . . . . . . . . . . . . . . . . .
. . . . . . . . . . . . . . . . . . . . . . . . . . . . . . . . . . . . . . .
. . . . . . . . . . . . . . . . . . . . . . . . . . . . . . . . . . . . . . .
. . . . . . . . . . . . . . . . . . . . . . . . . . . . . . . . . . . . . . .
. . . . . . . . . . . . . . . . . . . . . . . . . . . . . . . . . . . . . . .
. . . . . . . . . . . . . . . . . . . % % % % % . . . % % % % % % % . . . . .
% % % % % % % % % % . . . . . . . . . . . . . . . . . . . % % % % % % % % % %
% % . . % % % % % % % % % . % % % % % % % % . % % % % % % % % . . . . . . % %
% % % % % . . % % % % % % % % % % . . % % % % % % % % . . % % % % % % % % % %
% . . % % % % % % % % % % % % % % % % % % % % . . . . . . . . . . . . . . . .
. . . . . . . . . . . . . . . . . . . . . . . . . . . . . . . . . . % % % % %
% % % % % % . . . . . % % % % % % % % % . . % % % % % % % % % % . % % % % % %
% % . . . . . . . . . % % % % % % % % % . . . . . . % % % % % % % % % % . . .
. . . . . . % % % % % % % % . . % % % % % % % % % . . . . % % % % % % % . % %
% % % % % . . . . . . . . % % % % % % % . % % % % % % % . . . . . . . . . % %
% % % % % . % % % % % % % % . . . . . . % % % % % % % % . . . . . . . . % % %
% % % % % . . % % % % % % % % . . % % % % % % % % % . . % % % % % % % % % . .
% % % % % % % % % % . . % % % % % % % % % % . . % % % % % % % % . . . . % % %
% % % % % % . . % % % % % % % % . . % % % % % % % % % . . % % % % % % % % . .
% % % % % % % % % % % % % . . % % % % % % % % % . % % % % % % % % % % . . % %
% % % % % . % % % % % % . % % % % % % % % . . . . . . . . . . . . . % % % % %
% % % % . . . . . . . . . . . . . % % % % % % % % . % % % % % % . . % % % % %
% % % % . . % % % % % % % % . . % % % % . . . . . % % % % % % % % % . % % % %
% % % . . . . . % % % % % % % . % % % % % % % % . . . . . . % % % % % % % . .
. . . . % % % % . . . . . . . . % % % % % % % % . . . . . . % % % % % % % . .
. . % % % % % % % . % % % % % % % % % . . . . . . . . . . . % % % % % . % % %
% % % % . . . . . . . . . . . . . . . . . . % % % % % % % % . . . . . . . . .
. . . . . . . . . . . . . % % % % % % % . . . . . . % % % % % % % % % . . . .
. . . % % % % % % % % . . % % % % % % % % . % % % % % % % % % % % . . % % % %
% . . % % % % % % % % % . . % % % % % % % % % % % % % % % % . . . . . . . . .
. . . . . . . . . . . . . % % % % . . . . . % % % % % % % . % % % % % % % % %
% % % . . % % % % % % % . . % % % % % % % . . % % % % % % % % % % % % % % % .
. . . . . . . . . . . . . . . . . . . . . . . . . . . . . . . . . . . . . . .
. . . . . . . . . . . . % % % % % . . % % % % % % % % . . . . % % % % % % % %
% % % % % . . . . . . . . . . . . . . . . . . . . . . . . . . . . . . . . . .
. . . . % % % % % % % % % . % % % % % % % % % % % % % % % % % % % % % % % % .
. . . . . . . . . . . . . . . . . . . . . . . . . . . . . . . . . . . . . . .
. . . . . . . . . . . . . . . . . . . . . . . . . . . . . . . . . . . . . . .
. . . . . . . . . . . . . . . . . . . . . . . . . . . . . . . . . . . . . . .
. . . . . . . . . . . . . . . . . . . . . . . . . . . % % % % % % % % % . . %
% % % % % % . % % % % % % % . % % % % % % % . % % % % % % % . . . . . . . % %
% % % % % % % . . . . . . % % % % % % % % % % % % % % % % . . . % % % % % % %
. % % % % % % % % % % % . % % % % % % % % . . . % % % % % % % % % % % % % . %
% % % % % % % % % % % % % % % % % % % % % % % % % % % % % % % % % % % % % % %
% % % % % % % % % % % % % % % % % . . . . . . . . . . . . . . . . . . . . . .
. . . . . . . . . . . . . . . . . . . . . . . . . . . . . . . . . . . . . . .
. . . . . . . . . . . . . . . . . . . . . . . . . . . . . . . . . . . . . . .
. . . . . . . . . . . . . . . . . . . . . . . . . . . . . . . . . . . . . . .
. . . . . . . . . . . . . . . % % % % % % % % % % . . . . . . . . . . . . . .
. . . . . . . . . . . . . . . . . . . . % % % % % % % % % % % % % % % . . . .
. . . . . . . . . . . . . . . . . . . . . . . . . . % % % % % % % % % % % % %
% % % % % . . . . . . . . . . . . . . . . . . . . . . . . . . . . . . . . . .
. . . . . . . . . . . % % % % % % % % . . . . . . . . . . . . . . . . . . . .
. . . . . . % % % % % % % % % % % . . . . . . . . . . . . . . . . . . . . . .
. . . % % % % % % % % % % . . . . . . . . . . . . . . . . . . . . . . . . . %
% % % % % % % % % % % % % % . . . . . . . . . . . . . % % % % % % % % % % % %
% % % % % % % . . . . . . . . . . % % % % % % % % % % % . . . . . . . . % % %
% % % % % % % % % % % % . . . . . . . . % % % % % % % % % % % % % % % % % % %
% % % % % % % % % % % % % % % % % % % % % % % % % % % % % . . . . . . . . . .
. . . . . . . . . . . . . . . . . % % % % % % % % % % % % % % % % % . . . . .
. . . . . . . . . . . . . . . . . . . . . . . % % % % % % % % . % % % % % % %
. % % % % % % . . . . . . . . . . . . . . . . . . . . . . . . . . . . . . . %
% % % % % % . . . . . . . . % % % % % % % % . . % % % % % % % % % . . % % % %
% % % . . % % % % % % % % % . . . . . % % % % % % % % % . . . . . . . . . . .
. % % % % % % % % % % % % % % % % % % % % . . . . . . . . . . . . . . . . . .
. . . . . . . . . . . . . . . . . % % % % % % % % % % % % % % . % % % % % % %
. % % % % % % % . . % % % % % % % % % % . . . . . . . . % % % % % % % % % % %
% % % % . % % % % % % % . . . . . . . . . . . . . . . . . . . % % % . . . . .
. . . . . . . . . . . . . . . . . . . . . . . % % % . . . . . % % % % % % % %
% % % % % . % % % % % % % . . . . . . . . . . . . . % % % . . . . . . . . . .
. . . . . . . . . . . . . . . % % % % . . . . % % % % % % % % % % % % . . . .
. . . . . . . . . . . . . . . . . . . % % % % . . . . . % % % % % % . % % % %
% % % % % % % % . . % % % % % % % % % . . % % % % % % % % % . . . . . . . . .
. . . % % % % % % % % % % % % % % % . . . . . . . . . . % % % % % % % % . . .
. . . . % % % % % % % % % % % % % % % % % % . . . . . . . . . . . . . . . . .
. . . . . . . . . . . . . . . . . . % % % % % % % % % % . . . . . . . % % % %
% % % . % % % % % % % . % % % % % % % % . . . % % % % <*tagged % % . . . . . .
% > % % % % % % . % % % % % % % . . . . . . . . % % % % % % % % % % % % % % %
% % . . . . . . . . . . . . . . . . % % % % % % % % % . . . . . . . % % % % %
% % % % % % % . . . . . . . . . . . . . . . . . . . . . . . . . . . . . . % %
% % % % % % % % % . . . . . . . . . . . . . . . . . % % % % % % % % % . . . .
. % % % % % % % % % % . % % % % % % % % % % % % % % % % % % % % % % % % % % %
% % . . . . . . . . . . . . . . . . . . . . . . . . . . . . . . . . . . . . .
. . . . . . . . . . . . . . . . . . . . . . . . . . . . . . . . . . . . . . .
. . . . . . . . . . . . . . . . . . . . . . . . . . . . . . . . . . . . . . .
. . . . . . . . . . . . . . . % % % % % % % % % % % % % % % % % % % % % % % %
% % % % % % % % % % % % % % % % % % % % . . . . . . . . . . . . . . . . . . .
. . . . . . . . . . . . . . . . . . . . . . . . . . . . . . . . . . . . . . .
. . . . . . . . . . . . . . . . . . . . . . . . . % % % % % % % % % % % % % %
% % % % % % % % % % % % % % % % % % % % % % % % . . . . . . . . . . . . . . .
. . . % % % % % % . . . . . . . . . . . % % % % % % . % % % % % % % % % % . .
. . . . . . . . . . . . . . . . . . . . . . . . . . . . % % % % % % % . . . .
% % % % % % % % % % % % % % % % % % . . . . . . . . . . . . . . . . . . . . .
. . . . . . . . . . . . . . . . . . % % % % % % % % % % % % . . . . . . . . .
. . . . . % % % % % . % % % % % % % . % % % % % % . . . % % % % % % % % % % %
% % . % % % % % % % % % % % . % % % % % % % . % % % % % % % . % % % % % % % .
% % % % % % . . . . . . . . . . . . . . . . . % % % % % . . . . . . . . . . .
% % % % % % % % . % % % % % % % . % % % % % % % . % % % % % % % . % % % % % %
. . . . . . . . . . . . . . . . . % % % % % . . . . . . . . . . . % % % % % %
. % % % % % % % % % % % % % . . . . . . . . . . . . . . . . . . . . . . . . .
. . . % % % % % % . % % % % % % % . % % % % % % . . . . . . . . . . . . . . .
% % % % % . . . . . . . . . % % % % % % % % % % % % % . . . . . . . . . . . .
. . . . . . . . . . . . . . . . . . . . . . . . . . . . . . . . . . . . . . .
. . . . % % % % % % % % % . % % % % % % % % % % . . . . . . . % % % % % % % %
% . % % % % % % % % . . % % % % % % % % % . . . . . . . . . . . . . . % % % %
% % % % % % % % % . . . . . . . . . . . . . . % % % % % % % % % % % % % . . .
. . . . . % % % % % % % % % % % % % % . . . . . . . . . . % % % % % % % % % %
. . . . . % % % % % % % % . . . . . % % % % % % % % . . . . . % % % % % % % %
. . . . . % % % % % % % % . . . . . % % % % % % . > % % % % % % % % %
File acmart.dtx ended by \endinput.
Lines  processed: 9033
Comments removed: 5354
Comments  passed: 16
Codelines passed: 3640

*****************************************************
* Congratulations!  You successfully  generated the *
* acmart package.                                   *
*                                                   *
* Please move the file acmart.cls to where LaTeX    *
* files are stored in  your system.  The manual is  *
* acmart.pdf.                                       *
*                                                   *
* The package is released under LPPL                *
*                                                   *
* Happy TeXing!                                     *
*****************************************************
) ) ) 
Here is how much of TeX's memory you used:
 341 strings out of 480172
 3683 string characters out of 5894515
 291650 words of memory out of 5000000
 18385 multiletter control sequences out of 15000+600000
 469259 words of font info for 28 fonts, out of 8000000 for 9000
 59 hyphenation exceptions out of 8191
 17i,0n,15p,157b,130s stack positions out of 5000i,500n,10000p,200000b,80000s

No pages of output.
